jest-haste-map: Haste module naming collision: supplyforge-ai-web
  The following files share their name; please adjust your hasteImpl:
    * <rootDir>\package.json
    * <rootDir>\.next\standalone\package.json

node.exe : FAIL __tests__/UploadTrustTheater.test.tsx
At line:1 char:1
+ & "C:\Program Files\nodejs/node.exe" "C:\Program Files\nodejs/node_mo ...
+ ~~~~~~~~~~~~~~~~~~~~~~~~~~~~~~~~~~~~~~~~~~~~~~~~~~~~~~~~~~~~~~~~~~~~~
    + CategoryInfo          : NotSpecified: (FAIL __tests__/...heater.test.tsx:String) [], RemoteException
    + FullyQualifiedErrorId : NativeCommandError
 
  ΓùÅ Test suite failed to run

    Jest encountered an unexpected token

    Jest failed to parse a file. This happens e.g. when your code or its dependencies use non-standard JavaScript 
syntax, or when Jest is not configured to support such syntax.

    Out of the box Jest supports Babel, which will be used to transform your files into valid JS based on your Babel 
configuration.

    By default "node_modules" folder is ignored by transformers.

    Here's what you can do:
     ΓÇó If you are trying to use ECMAScript Modules, see https://jestjs.io/docs/ecmascript-modules for how to enable 
it.
     ΓÇó If you are trying to use TypeScript, see https://jestjs.io/docs/getting-started#using-typescript
     ΓÇó To have some of your "node_modules" files transformed, you can specify a custom "transformIgnorePatterns" in 
your config.
     ΓÇó If you need a custom transformation, specify a "transform" option in your config.
     ΓÇó If you simply want to mock your non-JS modules (e.g. binary assets) you can stub them out with the 
"moduleNameMapper" config option.

    You'll find more details and examples of these config options in the docs:
    https://jestjs.io/docs/configuration
    For information about custom transformations, see:
    https://jestjs.io/docs/code-transformation

    Details:

    SyntaxError: C:\NDT\ndt\Dß╗▒ ├ín\supplyforge-ai\frontend\__tests__\UploadTrustTheater.test.tsx: Missing semicolon. 
(11:1)

    [0m [90m  9 |[39m     json[33m:[39m () [33m=>[39m [33mPromise[39m[33m.[39mresolve({ success[33m:[39m 
[36mtrue[39m })[33m,[39m
     [90m 10 |[39m   })
    [31m[1m>[22m[39m[90m 11 |[39m ) [36mas[39m jest[33m.[39m[33mMock[39m[33m;[39m
     [90m    |[39m  [31m[1m^[22m[39m
     [90m 12 |[39m
     [90m 13 |[39m describe([32m'UploadTrustTheater Component (E2E UX)'[39m[33m,[39m () [33m=>[39m {
     [90m 14 |[39m   beforeEach(() [33m=>[39m {[0m

      at constructor (node_modules/@babel/parser/src/parse-error.ts:95:45)
      at Parser.toParseError [as raise] (node_modules/@babel/parser/src/tokenizer/index.ts:1504:19)
      at Parser.raise [as semicolon] (node_modules/@babel/parser/src/parser/util.ts:149:10)
      at Parser.semicolon [as parseExpressionStatement] (node_modules/@babel/parser/src/parser/statement.ts:1363:10)
      at Parser.parseExpressionStatement [as parseStatementContent] 
(node_modules/@babel/parser/src/parser/statement.ts:702:19)
      at Parser.parseStatementContent [as parseStatementLike] 
(node_modules/@babel/parser/src/parser/statement.ts:482:17)
      at Parser.parseStatementLike [as parseModuleItem] (node_modules/@babel/parser/src/parser/statement.ts:419:17)
      at Parser.parseModuleItem [as parseBlockOrModuleBlockBody] 
(node_modules/@babel/parser/src/parser/statement.ts:1443:16)
      at Parser.parseBlockOrModuleBlockBody [as parseBlockBody] 
(node_modules/@babel/parser/src/parser/statement.ts:1417:10)
      at Parser.parseBlockBody [as parseProgram] (node_modules/@babel/parser/src/parser/statement.ts:229:10)
      at Parser.parseProgram [as parseTopLevel] (node_modules/@babel/parser/src/parser/statement.ts:203:25)
      at Parser.parseTopLevel [as parse] (node_modules/@babel/parser/src/parser/index.ts:83:25)
      at parse (node_modules/@babel/parser/src/index.ts:86:38)
      at parser (node_modules/@babel/core/src/parser/index.ts:29:19)
          at parser.next (<anonymous>)
      at normalizeFile (node_modules/@babel/core/src/transformation/normalize-file.ts:50:24)
          at normalizeFile.next (<anonymous>)
      at run (node_modules/@babel/core/src/transformation/index.ts:41:36)
          at run.next (<anonymous>)
      at transform (node_modules/@babel/core/src/transform.ts:29:20)
          at transform.next (<anonymous>)
      at evaluateSync (node_modules/gensync/index.js:251:28)
      at sync (node_modules/gensync/index.js:89:14)
      at fn (node_modules/@babel/core/src/errors/rewrite-stack-trace.ts:99:14)
      at transformSync (node_modules/@babel/core/src/transform.ts:66:52)
      at ScriptTransformer.transformSource (node_modules/@jest/transform/build/index.js:415:31)
      at ScriptTransformer._transformAndBuildScript (node_modules/@jest/transform/build/index.js:512:40)
      at ScriptTransformer.transform (node_modules/@jest/transform/build/index.js:551:19)

FAIL __tests__/SkuTinderCard.test.tsx
  ΓùÅ Test suite failed to run

    Jest encountered an unexpected token

    Jest failed to parse a file. This happens e.g. when your code or its dependencies use non-standard JavaScript 
syntax, or when Jest is not configured to support such syntax.

    Out of the box Jest supports Babel, which will be used to transform your files into valid JS based on your Babel 
configuration.

    By default "node_modules" folder is ignored by transformers.

    Here's what you can do:
     ΓÇó If you are trying to use ECMAScript Modules, see https://jestjs.io/docs/ecmascript-modules for how to enable 
it.
     ΓÇó If you are trying to use TypeScript, see https://jestjs.io/docs/getting-started#using-typescript
     ΓÇó To have some of your "node_modules" files transformed, you can specify a custom "transformIgnorePatterns" in 
your config.
     ΓÇó If you need a custom transformation, specify a "transform" option in your config.
     ΓÇó If you simply want to mock your non-JS modules (e.g. binary assets) you can stub them out with the 
"moduleNameMapper" config option.

    You'll find more details and examples of these config options in the docs:
    https://jestjs.io/docs/configuration
    For information about custom transformations, see:
    https://jestjs.io/docs/code-transformation

    Details:

    SyntaxError: C:\NDT\ndt\Dß╗▒ ├ín\supplyforge-ai\frontend\__tests__\SkuTinderCard.test.tsx: Support for the 
experimental syntax 'jsx' isn't currently enabled (20:7):

    [0m [90m 18 |[39m
     [90m 19 |[39m     render(
    [31m[1m>[22m[39m[90m 20 |[39m       [33m<[39m[33mTinderSkuDeck[39m
     [90m    |[39m       [31m[1m^[22m[39m
     [90m 21 |[39m         candidate[33m=[39m{mockCandidate}
     [90m 22 |[39m         onMerge[33m=[39m{onMergeMock}
     [90m 23 |[39m         onSkip[33m=[39m{onSkipMock}[0m

    Add @babel/preset-react (https://github.com/babel/babel/tree/main/packages/babel-preset-react) to the 'presets' 
section of your Babel config to enable transformation.
    If you want to leave it as-is, add @babel/plugin-syntax-jsx 
(https://github.com/babel/babel/tree/main/packages/babel-plugin-syntax-jsx) to the 'plugins' section to enable parsing.

    If you already added the plugin for this syntax to your config, it's possible that your config isn't being loaded.
    You can re-run Babel with the BABEL_SHOW_CONFIG_FOR environment variable to show the loaded configuration:
    	npx cross-env BABEL_SHOW_CONFIG_FOR=C:\NDT\ndt\Dß╗▒ ├ín\supplyforge-ai\frontend\__tests__\SkuTinderCard.test.tsx 
<your build command>
    See https://babeljs.io/docs/configuration#print-effective-configs for more info.

      at constructor (node_modules/@babel/parser/src/parse-error.ts:95:45)
      at Parser.toParseError [as raise] (node_modules/@babel/parser/src/tokenizer/index.ts:1504:19)
      at Parser.raise [as expectOnePlugin] (node_modules/@babel/parser/src/tokenizer/index.ts:1569:18)
      at Parser.expectOnePlugin [as parseExprAtom] (node_modules/@babel/parser/src/parser/expression.ts:1272:22)
      at Parser.parseExprAtom [as parseExprSubscripts] (node_modules/@babel/parser/src/parser/expression.ts:742:23)
      at Parser.parseExprSubscripts [as parseUpdate] (node_modules/@babel/parser/src/parser/expression.ts:721:21)
      at Parser.parseUpdate [as parseMaybeUnary] (node_modules/@babel/parser/src/parser/expression.ts:683:23)
      at Parser.parseMaybeUnary [as parseMaybeUnaryOrPrivate] 
(node_modules/@babel/parser/src/parser/expression.ts:417:14)
      at Parser.parseMaybeUnaryOrPrivate [as parseExprOps] (node_modules/@babel/parser/src/parser/expression.ts:429:23)
      at Parser.parseExprOps [as parseMaybeConditional] (node_modules/@babel/parser/src/parser/expression.ts:384:23)
      at Parser.parseMaybeConditional [as parseMaybeAssign] 
(node_modules/@babel/parser/src/parser/expression.ts:301:21)
      at parseMaybeAssign (node_modules/@babel/parser/src/parser/expression.ts:257:12)
      at Parser.callback [as allowInAnd] (node_modules/@babel/parser/src/parser/expression.ts:3197:12)
      at Parser.allowInAnd [as parseMaybeAssignAllowIn] (node_modules/@babel/parser/src/parser/expression.ts:256:17)
      at Parser.parseMaybeAssignAllowIn [as parseMaybeAssignAllowInOrVoidPattern] 
(node_modules/@babel/parser/src/parser/expression.ts:3311:17)
      at Parser.parseMaybeAssignAllowInOrVoidPattern [as parseExprListItem] 
(node_modules/@babel/parser/src/parser/expression.ts:2793:18)
      at Parser.parseExprListItem [as parseCallExpressionArguments] 
(node_modules/@babel/parser/src/parser/expression.ts:1042:14)
      at Parser.parseCallExpressionArguments [as parseCoverCallAndAsyncArrowHead] 
(node_modules/@babel/parser/src/parser/expression.ts:922:29)
      at Parser.parseCoverCallAndAsyncArrowHead [as parseSubscript] 
(node_modules/@babel/parser/src/parser/expression.ts:804:19)
      at Parser.parseSubscript [as parseSubscripts] (node_modules/@babel/parser/src/parser/expression.ts:763:19)
      at Parser.parseSubscripts [as parseExprSubscripts] (node_modules/@babel/parser/src/parser/expression.ts:748:17)
      at Parser.parseExprSubscripts [as parseUpdate] (node_modules/@babel/parser/src/parser/expression.ts:721:21)
      at Parser.parseUpdate [as parseMaybeUnary] (node_modules/@babel/parser/src/parser/expression.ts:683:23)
      at Parser.parseMaybeUnary [as parseMaybeUnaryOrPrivate] 
(node_modules/@babel/parser/src/parser/expression.ts:417:14)
      at Parser.parseMaybeUnaryOrPrivate [as parseExprOps] (node_modules/@babel/parser/src/parser/expression.ts:429:23)
      at Parser.parseExprOps [as parseMaybeConditional] (node_modules/@babel/parser/src/parser/expression.ts:384:23)
      at Parser.parseMaybeConditional [as parseMaybeAssign] 
(node_modules/@babel/parser/src/parser/expression.ts:301:21)
      at Parser.parseMaybeAssign [as parseExpressionBase] (node_modules/@babel/parser/src/parser/expression.ts:226:23)
      at parseExpressionBase (node_modules/@babel/parser/src/parser/expression.ts:217:39)
      at Parser.callback [as allowInAnd] (node_modules/@babel/parser/src/parser/expression.ts:3192:16)
      at Parser.allowInAnd [as parseExpression] (node_modules/@babel/parser/src/parser/expression.ts:217:17)
      at Parser.parseExpression [as parseStatementContent] (node_modules/@babel/parser/src/parser/statement.ts:688:23)
      at Parser.parseStatementContent [as parseStatementLike] 
(node_modules/@babel/parser/src/parser/statement.ts:482:17)
      at Parser.parseStatementLike [as parseStatementListItem] 
(node_modules/@babel/parser/src/parser/statement.ts:431:17)
      at Parser.parseStatementListItem [as parseBlockOrModuleBlockBody] 
(node_modules/@babel/parser/src/parser/statement.ts:1444:16)
      at Parser.parseBlockOrModuleBlockBody [as parseBlockBody] 
(node_modules/@babel/parser/src/parser/statement.ts:1417:10)
      at Parser.parseBlockBody [as parseBlock] (node_modules/@babel/parser/src/parser/statement.ts:1385:10)
      at Parser.parseBlock [as parseFunctionBody] (node_modules/@babel/parser/src/parser/expression.ts:2621:24)
      at Parser.parseFunctionBody [as parseArrowExpression] 
(node_modules/@babel/parser/src/parser/expression.ts:2562:10)
      at Parser.parseArrowExpression [as parseParenAndDistinguishExpression] 
(node_modules/@babel/parser/src/parser/expression.ts:1850:12)
      at Parser.parseParenAndDistinguishExpression [as parseExprAtom] 
(node_modules/@babel/parser/src/parser/expression.ts:1170:21)
      at Parser.parseExprAtom [as parseExprSubscripts] (node_modules/@babel/parser/src/parser/expression.ts:742:23)
      at Parser.parseExprSubscripts [as parseUpdate] (node_modules/@babel/parser/src/parser/expression.ts:721:21)
      at Parser.parseUpdate [as parseMaybeUnary] (node_modules/@babel/parser/src/parser/expression.ts:683:23)
      at Parser.parseMaybeUnary [as parseMaybeUnaryOrPrivate] 
(node_modules/@babel/parser/src/parser/expression.ts:417:14)
      at Parser.parseMaybeUnaryOrPrivate [as parseExprOps] (node_modules/@babel/parser/src/parser/expression.ts:429:23)
      at Parser.parseExprOps [as parseMaybeConditional] (node_modules/@babel/parser/src/parser/expression.ts:384:23)
      at Parser.parseMaybeConditional [as parseMaybeAssign] 
(node_modules/@babel/parser/src/parser/expression.ts:301:21)
      at parseMaybeAssign (node_modules/@babel/parser/src/parser/expression.ts:257:12)
      at Parser.callback [as allowInAnd] (node_modules/@babel/parser/src/parser/expression.ts:3197:12)
      at Parser.allowInAnd [as parseMaybeAssignAllowIn] (node_modules/@babel/parser/src/parser/expression.ts:256:17)
      at Parser.parseMaybeAssignAllowIn [as parseMaybeAssignAllowInOrVoidPattern] 
(node_modules/@babel/parser/src/parser/expression.ts:3311:17)
      at Parser.parseMaybeAssignAllowInOrVoidPattern [as parseExprListItem] 
(node_modules/@babel/parser/src/parser/expression.ts:2793:18)
      at Parser.parseExprListItem [as parseCallExpressionArguments] 
(node_modules/@babel/parser/src/parser/expression.ts:1042:14)
      at Parser.parseCallExpressionArguments [as parseCoverCallAndAsyncArrowHead] 
(node_modules/@babel/parser/src/parser/expression.ts:922:29)
      at Parser.parseCoverCallAndAsyncArrowHead [as parseSubscript] 
(node_modules/@babel/parser/src/parser/expression.ts:804:19)
      at Parser.parseSubscript [as parseSubscripts] (node_modules/@babel/parser/src/parser/expression.ts:763:19)
      at Parser.parseSubscripts [as parseExprSubscripts] (node_modules/@babel/parser/src/parser/expression.ts:748:17)
      at Parser.parseExprSubscripts [as parseUpdate] (node_modules/@babel/parser/src/parser/expression.ts:721:21)
      at Parser.parseUpdate [as parseMaybeUnary] (node_modules/@babel/parser/src/parser/expression.ts:683:23)
      at Parser.parseMaybeUnary [as parseMaybeUnaryOrPrivate] 
(node_modules/@babel/parser/src/parser/expression.ts:417:14)
      at Parser.parseMaybeUnaryOrPrivate [as parseExprOps] (node_modules/@babel/parser/src/parser/expression.ts:429:23)
      at Parser.parseExprOps [as parseMaybeConditional] (node_modules/@babel/parser/src/parser/expression.ts:384:23)
      at Parser.parseMaybeConditional [as parseMaybeAssign] 
(node_modules/@babel/parser/src/parser/expression.ts:301:21)
      at Parser.parseMaybeAssign [as parseExpressionBase] (node_modules/@babel/parser/src/parser/expression.ts:226:23)
      at parseExpressionBase (node_modules/@babel/parser/src/parser/expression.ts:217:39)
      at Parser.callback [as allowInAnd] (node_modules/@babel/parser/src/parser/expression.ts:3192:16)
      at Parser.allowInAnd [as parseExpression] (node_modules/@babel/parser/src/parser/expression.ts:217:17)
      at Parser.parseExpression [as parseStatementContent] (node_modules/@babel/parser/src/parser/statement.ts:688:23)
      at Parser.parseStatementContent [as parseStatementLike] 
(node_modules/@babel/parser/src/parser/statement.ts:482:17)
      at Parser.parseStatementLike [as parseStatementListItem] 
(node_modules/@babel/parser/src/parser/statement.ts:431:17)
      at Parser.parseStatementListItem [as parseBlockOrModuleBlockBody] 
(node_modules/@babel/parser/src/parser/statement.ts:1444:16)
      at Parser.parseBlockOrModuleBlockBody [as parseBlockBody] 
(node_modules/@babel/parser/src/parser/statement.ts:1417:10)
      at Parser.parseBlockBody [as parseBlock] (node_modules/@babel/parser/src/parser/statement.ts:1385:10)
      at Parser.parseBlock [as parseFunctionBody] (node_modules/@babel/parser/src/parser/expression.ts:2621:24)
      at Parser.parseFunctionBody [as parseArrowExpression] 
(node_modules/@babel/parser/src/parser/expression.ts:2562:10)
      at Parser.parseArrowExpression [as parseParenAndDistinguishExpression] 
(node_modules/@babel/parser/src/parser/expression.ts:1850:12)
      at Parser.parseParenAndDistinguishExpression [as parseExprAtom] 
(node_modules/@babel/parser/src/parser/expression.ts:1170:21)
      at Parser.parseExprAtom [as parseExprSubscripts] (node_modules/@babel/parser/src/parser/expression.ts:742:23)
      at Parser.parseExprSubscripts [as parseUpdate] (node_modules/@babel/parser/src/parser/expression.ts:721:21)
      at Parser.parseUpdate [as parseMaybeUnary] (node_modules/@babel/parser/src/parser/expression.ts:683:23)
      at Parser.parseMaybeUnary [as parseMaybeUnaryOrPrivate] 
(node_modules/@babel/parser/src/parser/expression.ts:417:14)
      at Parser.parseMaybeUnaryOrPrivate [as parseExprOps] (node_modules/@babel/parser/src/parser/expression.ts:429:23)
      at Parser.parseExprOps [as parseMaybeConditional] (node_modules/@babel/parser/src/parser/expression.ts:384:23)
      at Parser.parseMaybeConditional [as parseMaybeAssign] 
(node_modules/@babel/parser/src/parser/expression.ts:301:21)
      at parseMaybeAssign (node_modules/@babel/parser/src/parser/expression.ts:257:12)
      at Parser.callback [as allowInAnd] (node_modules/@babel/parser/src/parser/expression.ts:3197:12)
      at Parser.allowInAnd [as parseMaybeAssignAllowIn] (node_modules/@babel/parser/src/parser/expression.ts:256:17)
      at Parser.parseMaybeAssignAllowIn [as parseMaybeAssignAllowInOrVoidPattern] 
(node_modules/@babel/parser/src/parser/expression.ts:3311:17)
      at Parser.parseMaybeAssignAllowInOrVoidPattern [as parseExprListItem] 
(node_modules/@babel/parser/src/parser/expression.ts:2793:18)
      at Parser.parseExprListItem [as parseCallExpressionArguments] 
(node_modules/@babel/parser/src/parser/expression.ts:1042:14)
      at Parser.parseCallExpressionArguments [as parseCoverCallAndAsyncArrowHead] 
(node_modules/@babel/parser/src/parser/expression.ts:922:29)
      at Parser.parseCoverCallAndAsyncArrowHead [as parseSubscript] 
(node_modules/@babel/parser/src/parser/expression.ts:804:19)
      at Parser.parseSubscript [as parseSubscripts] (node_modules/@babel/parser/src/parser/expression.ts:763:19)
      at Parser.parseSubscripts [as parseExprSubscripts] (node_modules/@babel/parser/src/parser/expression.ts:748:17)
      at Parser.parseExprSubscripts [as parseUpdate] (node_modules/@babel/parser/src/parser/expression.ts:721:21)
      at Parser.parseUpdate [as parseMaybeUnary] (node_modules/@babel/parser/src/parser/expression.ts:683:23)
      at Parser.parseMaybeUnary [as parseMaybeUnaryOrPrivate] 
(node_modules/@babel/parser/src/parser/expression.ts:417:14)
      at Parser.parseMaybeUnaryOrPrivate [as parseExprOps] (node_modules/@babel/parser/src/parser/expression.ts:429:23)
      at Parser.parseExprOps [as parseMaybeConditional] (node_modules/@babel/parser/src/parser/expression.ts:384:23)

Test Suites: 2 failed, 2 total
Tests:       0 total
Snapshots:   0 total
Time:        1.933 s
Ran all test suites.
